// Vitest Snapshot v1, https://vitest.dev/guide/snapshot.html

exports[`nation gold per minute > world map, impossible nations, 20 minutes 1`] = `
{
  "aliveNations": 41,
  "perMinute": [
    {
      "cities": 0,
      "factories": 0,
      "farms": 0,
      "minute": 1,
      "ports": 0,
      "shipsArrived": 0,
      "tradeGold": 0,
      "tradeShipsAtSea": 0,
      "trainGold": 0,
      "trainStops": 0,
      "trainsRunning": 0,
    },
    {
      "cities": 0,
      "factories": 0,
      "farms": 0,
      "minute": 2,
      "ports": 0,
      "shipsArrived": 0,
      "tradeGold": 0,
      "tradeShipsAtSea": 0,
      "trainGold": 0,
      "trainStops": 0,
      "trainsRunning": 0,
    },
    {
      "cities": 61,
      "factories": 0,
      "farms": 0,
      "minute": 3,
      "ports": 0,
      "shipsArrived": 0,
      "tradeGold": 0,
      "tradeShipsAtSea": 0,
      "trainGold": 0,
      "trainStops": 0,
      "trainsRunning": 0,
    },
    {
      "cities": 61,
      "factories": 0,
      "farms": 0,
      "minute": 4,
      "ports": 1,
      "shipsArrived": 0,
      "tradeGold": 0,
      "tradeShipsAtSea": 0,
      "trainGold": 0,
      "trainStops": 0,
      "trainsRunning": 0,
    },
    {
      "cities": 62,
      "factories": 1,
      "farms": 0,
      "minute": 5,
      "ports": 5,
      "shipsArrived": 0,
      "tradeGold": 0,
      "tradeShipsAtSea": 20,
      "trainGold": 130000,
      "trainStops": 5,
      "trainsRunning": 0,
    },
    {
      "cities": 65,
      "factories": 1,
      "farms": 2,
      "minute": 6,
      "ports": 8,
      "shipsArrived": 1,
      "tradeGold": 37800,
      "tradeShipsAtSea": 42,
      "trainGold": 340000,
      "trainStops": 10,
      "trainsRunning": 0,
    },
    {
      "cities": 103,
      "factories": 1,
      "farms": 7,
      "minute": 7,
      "ports": 10,
      "shipsArrived": 11,
      "tradeGold": 2617000,
      "tradeShipsAtSea": 76,
      "trainGold": 250000,
      "trainStops": 7,
      "trainsRunning": 0,
    },
    {
      "cities": 106,
      "factories": 2,
      "farms": 8,
      "minute": 8,
      "ports": 17,
      "shipsArrived": 37,
      "tradeGold": 8978000,
      "tradeShipsAtSea": 93,
      "trainGold": 270000,
      "trainStops": 9,
      "trainsRunning": 14,
    },
    {
      "cities": 108,
      "factories": 6,
      "farms": 11,
      "minute": 9,
      "ports": 44,
      "shipsArrived": 38,
      "tradeGold": 8430000,
      "tradeShipsAtSea": 207,
      "trainGold": 1070000,
      "trainStops": 35,
      "trainsRunning": 7,
    },
    {
      "cities": 114,
      "factories": 7,
      "farms": 19,
      "minute": 10,
      "ports": 49,
      "shipsArrived": 86,
      "tradeGold": 18180000,
      "tradeShipsAtSea": 290,
      "trainGold": 1560000,
      "trainStops": 48,
      "trainsRunning": 49,
    },
    {
      "cities": 124,
      "factories": 10,
      "farms": 36,
      "minute": 11,
      "ports": 53,
      "shipsArrived": 133,
      "tradeGold": 34470000,
      "tradeShipsAtSea": 297,
      "trainGold": 3570000,
      "trainStops": 87,
      "trainsRunning": 28,
    },
    {
      "cities": 130,
      "factories": 12,
      "farms": 44,
      "minute": 12,
      "ports": 56,
      "shipsArrived": 166,
      "tradeGold": 41390000,
      "tradeShipsAtSea": 331,
      "trainGold": 3280000,
      "trainStops": 82,
      "trainsRunning": 56,
    },
    {
      "cities": 131,
      "factories": 14,
      "farms": 46,
      "minute": 13,
      "ports": 61,
      "shipsArrived": 204,
      "tradeGold": 46820000,
      "tradeShipsAtSea": 343,
      "trainGold": 4920000,
      "trainStops": 128,
      "trainsRunning": 77,
    },
    {
      "cities": 131,
      "factories": 15,
      "farms": 47,
      "minute": 14,
      "ports": 62,
      "shipsArrived": 213,
      "tradeGold": 49970000,
      "tradeShipsAtSea": 353,
      "trainGold": 5060000,
      "trainStops": 128,
      "trainsRunning": 63,
    },
    {
      "cities": 135,
      "factories": 16,
      "farms": 50,
      "minute": 15,
      "ports": 64,
      "shipsArrived": 215,
      "tradeGold": 49860000,
      "tradeShipsAtSea": 368,
      "trainGold": 4320000,
      "trainStops": 114,
      "trainsRunning": 49,
    },
    {
      "cities": 134,
      "factories": 16,
      "farms": 54,
      "minute": 16,
      "ports": 66,
      "shipsArrived": 239,
      "tradeGold": 54740000,
      "tradeShipsAtSea": 378,
      "trainGold": 6350000,
      "trainStops": 145,
      "trainsRunning": 49,
    },
    {
      "cities": 137,
      "factories": 17,
      "farms": 54,
      "minute": 17,
      "ports": 65,
      "shipsArrived": 240,
      "tradeGold": 54750000,
      "tradeShipsAtSea": 380,
      "trainGold": 8080000,
      "trainStops": 196,
      "trainsRunning": 77,
    },
    {
      "cities": 136,
      "factories": 20,
      "farms": 58,
      "minute": 18,
      "ports": 66,
      "shipsArrived": 232,
      "tradeGold": 54860000,
      "tradeShipsAtSea": 376,
      "trainGold": 6320000,
      "trainStops": 158,
      "trainsRunning": 63,
    },
    {
      "cities": 134,
      "factories": 21,
      "farms": 59,
      "minute": 19,
      "ports": 67,
      "shipsArrived": 257,
      "tradeGold": 56040000,
      "tradeShipsAtSea": 385,
      "trainGold": 6810000,
      "trainStops": 161,
      "trainsRunning": 112,
    },
    {
      "cities": 129,
      "factories": 21,
      "farms": 57,
      "minute": 20,
      "ports": 68,
      "shipsArrived": 251,
      "tradeGold": 59890000,
      "tradeShipsAtSea": 374,
      "trainGold": 8100000,
      "trainStops": 212,
      "trainsRunning": 91,
    },
  ],
  "totals": {
    "shipsArrived": 2323,
    "tradeGold": 541000000,
    "trainGold": 60430000,
    "trainStops": 1525,
  },
}
`;
