// Vitest Snapshot v1, https://vitest.dev/guide/snapshot.html

exports[`nation gold per minute > world map, impossible nations, 20 minutes 1`] = `
{
  "aliveNations": 50,
  "perMinute": [
    {
      "cities": 0,
      "factories": 0,
      "farms": 0,
      "minute": 1,
      "ports": 0,
      "shipsArrived": 0,
      "tradeGold": 0,
      "tradeShipsAtSea": 0,
      "trainGold": 0,
      "trainStops": 0,
      "trainsRunning": 0,
    },
    {
      "cities": 0,
      "factories": 0,
      "farms": 0,
      "minute": 2,
      "ports": 0,
      "shipsArrived": 0,
      "tradeGold": 0,
      "tradeShipsAtSea": 0,
      "trainGold": 0,
      "trainStops": 0,
      "trainsRunning": 0,
    },
    {
      "cities": 61,
      "factories": 0,
      "farms": 0,
      "minute": 3,
      "ports": 0,
      "shipsArrived": 0,
      "tradeGold": 0,
      "tradeShipsAtSea": 0,
      "trainGold": 0,
      "trainStops": 0,
      "trainsRunning": 0,
    },
    {
      "cities": 61,
      "factories": 0,
      "farms": 0,
      "minute": 4,
      "ports": 0,
      "shipsArrived": 0,
      "tradeGold": 0,
      "tradeShipsAtSea": 0,
      "trainGold": 0,
      "trainStops": 0,
      "trainsRunning": 0,
    },
    {
      "cities": 61,
      "factories": 0,
      "farms": 0,
      "minute": 5,
      "ports": 2,
      "shipsArrived": 0,
      "tradeGold": 0,
      "tradeShipsAtSea": 9,
      "trainGold": 0,
      "trainStops": 0,
      "trainsRunning": 0,
    },
    {
      "cities": 61,
      "factories": 0,
      "farms": 0,
      "minute": 6,
      "ports": 4,
      "shipsArrived": 0,
      "tradeGold": 0,
      "tradeShipsAtSea": 25,
      "trainGold": 0,
      "trainStops": 0,
      "trainsRunning": 0,
    },
    {
      "cities": 105,
      "factories": 0,
      "farms": 0,
      "minute": 7,
      "ports": 5,
      "shipsArrived": 1,
      "tradeGold": 219800,
      "tradeShipsAtSea": 50,
      "trainGold": 0,
      "trainStops": 0,
      "trainsRunning": 0,
    },
    {
      "cities": 108,
      "factories": 0,
      "farms": 5,
      "minute": 8,
      "ports": 6,
      "shipsArrived": 3,
      "tradeGold": 658600,
      "tradeShipsAtSea": 76,
      "trainGold": 0,
      "trainStops": 0,
      "trainsRunning": 0,
    },
    {
      "cities": 112,
      "factories": 4,
      "farms": 7,
      "minute": 9,
      "ports": 42,
      "shipsArrived": 20,
      "tradeGold": 4941000,
      "tradeShipsAtSea": 175,
      "trainGold": 850000,
      "trainStops": 23,
      "trainsRunning": 28,
    },
    {
      "cities": 119,
      "factories": 6,
      "farms": 13,
      "minute": 10,
      "ports": 46,
      "shipsArrived": 68,
      "tradeGold": 15680000,
      "tradeShipsAtSea": 299,
      "trainGold": 2120000,
      "trainStops": 60,
      "trainsRunning": 28,
    },
    {
      "cities": 138,
      "factories": 12,
      "farms": 35,
      "minute": 11,
      "ports": 52,
      "shipsArrived": 140,
      "tradeGold": 34870000,
      "tradeShipsAtSea": 325,
      "trainGold": 2900000,
      "trainStops": 72,
      "trainsRunning": 35,
    },
    {
      "cities": 145,
      "factories": 14,
      "farms": 48,
      "minute": 12,
      "ports": 61,
      "shipsArrived": 178,
      "tradeGold": 46390000,
      "tradeShipsAtSea": 330,
      "trainGold": 4240000,
      "trainStops": 90,
      "trainsRunning": 98,
    },
    {
      "cities": 149,
      "factories": 16,
      "farms": 49,
      "minute": 13,
      "ports": 66,
      "shipsArrived": 187,
      "tradeGold": 44930000,
      "tradeShipsAtSea": 355,
      "trainGold": 6440000,
      "trainStops": 138,
      "trainsRunning": 84,
    },
    {
      "cities": 150,
      "factories": 16,
      "farms": 52,
      "minute": 14,
      "ports": 67,
      "shipsArrived": 182,
      "tradeGold": 43250000,
      "tradeShipsAtSea": 383,
      "trainGold": 4960000,
      "trainStops": 124,
      "trainsRunning": 42,
    },
    {
      "cities": 149,
      "factories": 17,
      "farms": 55,
      "minute": 15,
      "ports": 68,
      "shipsArrived": 190,
      "tradeGold": 53610000,
      "tradeShipsAtSea": 374,
      "trainGold": 4660000,
      "trainStops": 114,
      "trainsRunning": 42,
    },
    {
      "cities": 150,
      "factories": 18,
      "farms": 55,
      "minute": 16,
      "ports": 72,
      "shipsArrived": 194,
      "tradeGold": 48450000,
      "tradeShipsAtSea": 393,
      "trainGold": 3480000,
      "trainStops": 98,
      "trainsRunning": 77,
    },
    {
      "cities": 152,
      "factories": 20,
      "farms": 61,
      "minute": 17,
      "ports": 73,
      "shipsArrived": 236,
      "tradeGold": 57800000,
      "tradeShipsAtSea": 374,
      "trainGold": 8650000,
      "trainStops": 194,
      "trainsRunning": 133,
    },
    {
      "cities": 153,
      "factories": 21,
      "farms": 60,
      "minute": 18,
      "ports": 72,
      "shipsArrived": 192,
      "tradeGold": 48790000,
      "tradeShipsAtSea": 387,
      "trainGold": 8940000,
      "trainStops": 203,
      "trainsRunning": 77,
    },
    {
      "cities": 148,
      "factories": 22,
      "farms": 59,
      "minute": 19,
      "ports": 73,
      "shipsArrived": 222,
      "tradeGold": 51620000,
      "tradeShipsAtSea": 390,
      "trainGold": 11670000,
      "trainStops": 234,
      "trainsRunning": 126,
    },
    {
      "cities": 144,
      "factories": 21,
      "farms": 58,
      "minute": 20,
      "ports": 75,
      "shipsArrived": 224,
      "tradeGold": 56200000,
      "tradeShipsAtSea": 388,
      "trainGold": 7630000,
      "trainStops": 179,
      "trainsRunning": 77,
    },
  ],
  "totals": {
    "shipsArrived": 2037,
    "tradeGold": 507400000,
    "trainGold": 66540000,
    "trainStops": 1529,
  },
}
`;
