// Vitest Snapshot v1, https://vitest.dev/guide/snapshot.html

exports[`nation gold per minute > world map, impossible nations, 20 minutes 1`] = `
{
  "aliveNations": 32,
  "perMinute": [
    {
      "cities": 0,
      "factories": 0,
      "farms": 0,
      "minute": 1,
      "ports": 0,
      "shipsArrived": 0,
      "tradeGold": 0,
      "tradeShipsAtSea": 0,
      "trainGold": 0,
      "trainStops": 0,
      "trainsRunning": 0,
    },
    {
      "cities": 0,
      "factories": 0,
      "farms": 0,
      "minute": 2,
      "ports": 0,
      "shipsArrived": 0,
      "tradeGold": 0,
      "tradeShipsAtSea": 0,
      "trainGold": 0,
      "trainStops": 0,
      "trainsRunning": 0,
    },
    {
      "cities": 61,
      "factories": 0,
      "farms": 0,
      "minute": 3,
      "ports": 0,
      "shipsArrived": 0,
      "tradeGold": 0,
      "tradeShipsAtSea": 0,
      "trainGold": 0,
      "trainStops": 0,
      "trainsRunning": 0,
    },
    {
      "cities": 61,
      "factories": 0,
      "farms": 0,
      "minute": 4,
      "ports": 1,
      "shipsArrived": 0,
      "tradeGold": 0,
      "tradeShipsAtSea": 0,
      "trainGold": 0,
      "trainStops": 0,
      "trainsRunning": 0,
    },
    {
      "cities": 62,
      "factories": 1,
      "farms": 1,
      "minute": 5,
      "ports": 4,
      "shipsArrived": 1,
      "tradeGold": 22430,
      "tradeShipsAtSea": 14,
      "trainGold": 130000,
      "trainStops": 5,
      "trainsRunning": 0,
    },
    {
      "cities": 64,
      "factories": 1,
      "farms": 3,
      "minute": 6,
      "ports": 7,
      "shipsArrived": 1,
      "tradeGold": 22430,
      "tradeShipsAtSea": 38,
      "trainGold": 430000,
      "trainStops": 11,
      "trainsRunning": 7,
    },
    {
      "cities": 104,
      "factories": 1,
      "farms": 6,
      "minute": 7,
      "ports": 9,
      "shipsArrived": 8,
      "tradeGold": 1866000,
      "tradeShipsAtSea": 67,
      "trainGold": 340000,
      "trainStops": 10,
      "trainsRunning": 7,
    },
    {
      "cities": 106,
      "factories": 1,
      "farms": 9,
      "minute": 8,
      "ports": 15,
      "shipsArrived": 26,
      "tradeGold": 6864000,
      "tradeShipsAtSea": 96,
      "trainGold": 250000,
      "trainStops": 7,
      "trainsRunning": 14,
    },
    {
      "cities": 111,
      "factories": 9,
      "farms": 14,
      "minute": 9,
      "ports": 43,
      "shipsArrived": 56,
      "tradeGold": 12720000,
      "tradeShipsAtSea": 185,
      "trainGold": 1100000,
      "trainStops": 22,
      "trainsRunning": 21,
    },
    {
      "cities": 120,
      "factories": 12,
      "farms": 22,
      "minute": 10,
      "ports": 45,
      "shipsArrived": 91,
      "tradeGold": 20540000,
      "tradeShipsAtSea": 283,
      "trainGold": 3200000,
      "trainStops": 64,
      "trainsRunning": 49,
    },
    {
      "cities": 131,
      "factories": 13,
      "farms": 44,
      "minute": 11,
      "ports": 50,
      "shipsArrived": 172,
      "tradeGold": 40050000,
      "tradeShipsAtSea": 284,
      "trainGold": 4360000,
      "trainStops": 102,
      "trainsRunning": 28,
    },
    {
      "cities": 133,
      "factories": 17,
      "farms": 47,
      "minute": 12,
      "ports": 52,
      "shipsArrived": 158,
      "tradeGold": 38310000,
      "tradeShipsAtSea": 317,
      "trainGold": 3140000,
      "trainStops": 72,
      "trainsRunning": 63,
    },
    {
      "cities": 132,
      "factories": 19,
      "farms": 49,
      "minute": 13,
      "ports": 53,
      "shipsArrived": 191,
      "tradeGold": 44270000,
      "tradeShipsAtSea": 305,
      "trainGold": 4790000,
      "trainStops": 113,
      "trainsRunning": 49,
    },
    {
      "cities": 134,
      "factories": 20,
      "farms": 52,
      "minute": 14,
      "ports": 56,
      "shipsArrived": 188,
      "tradeGold": 42940000,
      "tradeShipsAtSea": 334,
      "trainGold": 7000000,
      "trainStops": 170,
      "trainsRunning": 105,
    },
    {
      "cities": 135,
      "factories": 20,
      "farms": 53,
      "minute": 15,
      "ports": 55,
      "shipsArrived": 208,
      "tradeGold": 45620000,
      "tradeShipsAtSea": 333,
      "trainGold": 7240000,
      "trainStops": 186,
      "trainsRunning": 91,
    },
    {
      "cities": 134,
      "factories": 21,
      "farms": 52,
      "minute": 16,
      "ports": 59,
      "shipsArrived": 191,
      "tradeGold": 43600000,
      "tradeShipsAtSea": 361,
      "trainGold": 6230000,
      "trainStops": 188,
      "trainsRunning": 91,
    },
    {
      "cities": 128,
      "factories": 22,
      "farms": 53,
      "minute": 17,
      "ports": 60,
      "shipsArrived": 238,
      "tradeGold": 54690000,
      "tradeShipsAtSea": 342,
      "trainGold": 4410000,
      "trainStops": 160,
      "trainsRunning": 49,
    },
    {
      "cities": 127,
      "factories": 23,
      "farms": 54,
      "minute": 18,
      "ports": 58,
      "shipsArrived": 202,
      "tradeGold": 46390000,
      "tradeShipsAtSea": 358,
      "trainGold": 4800000,
      "trainStops": 163,
      "trainsRunning": 91,
    },
    {
      "cities": 123,
      "factories": 22,
      "farms": 53,
      "minute": 19,
      "ports": 55,
      "shipsArrived": 204,
      "tradeGold": 47170000,
      "tradeShipsAtSea": 336,
      "trainGold": 5550000,
      "trainStops": 167,
      "trainsRunning": 84,
    },
    {
      "cities": 120,
      "factories": 23,
      "farms": 54,
      "minute": 20,
      "ports": 56,
      "shipsArrived": 210,
      "tradeGold": 47750000,
      "tradeShipsAtSea": 357,
      "trainGold": 5450000,
      "trainStops": 179,
      "trainsRunning": 84,
    },
  ],
  "totals": {
    "shipsArrived": 2145,
    "tradeGold": 492800000,
    "trainGold": 58420000,
    "trainStops": 1619,
  },
}
`;
